// Jest Snapshot v1, https://goo.gl/fbAQLP

exports[`Pruebas en GifItem debe de hacer match con el snapshot 1`] = `
<div>
  <div
    class="card"
  >
    <img
      alt="Demon Slayer"
      src="http://demon-slayer.com/demon.jpg"
    />
    <p>
      Demon Slayer
    </p>
  </div>
</div>
`;
